// Jest Snapshot v1, https://goo.gl/fbAQLP

exports[`Todo component renders the todo correctly renders correctly 1`] = `
<h1>
  Hello from 
  test/ts
   and 
  test/react
  !
</h1>
`;
